<?xml version="1.0" encoding="UTF-8"?><testsuite name="nosetests" tests="618" errors="1" failures="1" skip="0"><testcase classname="landlab.components.PET.potential_evapotranspiration_field" name="PotentialEvapotranspiration" time="0.054"></testcase><testcase classname="landlab.components.flexure.flexure" name="FlexureComponent" time="0.005"></testcase><testcase classname="landlab.components.flexure.funcs" name="get_flexure_parameter" time="0.001"></testcase><testcase classname="landlab.components.flexure.funcs" name="subside_point_load" time="0.002"></testcase><testcase classname="test_flexure" name="test_name" time="0.002"></testcase><testcase classname="test_flexure" name="test_input_var_names" time="0.002"></testcase><testcase classname="test_flexure" name="test_output_var_names" time="0.002"></testcase><testcase classname="test_flexure" name="test_var_units" time="0.002"></testcase><testcase classname="test_flexure" name="test_grid_shape" time="0.002"></testcase><testcase classname="test_flexure" name="test_grid_xdimension" time="0.002"></testcase><testcase classname="test_flexure" name="test_grid_ydimension" time="0.002"></testcase><testcase classname="test_flexure" name="test_field_getters" time="0.002"></testcase><testcase classname="test_flexure" name="test_field_initialized_to_zero" time="0.002"></testcase><testcase classname="landlab.components.flow_accum.flow_accum_bw._DrainageStack" name="add_to_stack" time="0.002"></testcase><testcase classname="landlab.components.flow_accum.flow_accum_bw" name="_make_array_of_donors" time="0.001"></testcase><testcase classname="landlab.components.flow_accum.flow_accum_bw" name="_make_delta_array" time="0.001"></testcase><testcase classname="landlab.components.flow_accum.flow_accum_bw" name="_make_number_of_donors_array" time="0.002"></testcase><testcase classname="landlab.components.flow_accum.flow_accum_bw" name="find_drainage_area_and_discharge" time="0.002"></testcase><testcase classname="landlab.components.flow_accum.flow_accum_bw" name="flow_accumulation" time="0.003"></testcase><testcase classname="landlab.components.flow_accum.flow_accum_bw" name="make_ordered_node_array" time="0.002"></testcase><testcase classname="landlab.components.flow_routing.flow_direction_DN" name="flow_directions" time="0.142"><failure type="exceptions.AssertionError" message="Failed doctest test for landlab.components.flow_routing.flow_direction_DN.flow_directions&#10;  File &quot;/Users/gtucker/Dev/Landlab/landlab/landlab/components/flow_routing/flow_direction_DN.py&quot;, line 18, in flow_directions&#10;&#10;----------------------------------------------------------------------&#10;File &quot;/Users/gtucker/Dev/Landlab/landlab/landlab/components/flow_routing/flow_direction_DN.py&quot;, line 72, in landlab.components.flow_routing.flow_direction_DN.flow_directions&#10;Failed example:&#10;    rl[3:8]&#10;Expected:&#10;    array([                  15, -9223372036854775808,                    1,&#10;                              6,                    2])&#10;Got:&#10;    array([        15, 2147483647,          1,          6,          2])&#10;----------------------------------------------------------------------&#10;File &quot;/Users/gtucker/Dev/Landlab/landlab/landlab/components/flow_routing/flow_direction_DN.py&quot;, line 87, in landlab.components.flow_routing.flow_direction_DN.flow_directions&#10;Failed example:&#10;    r, ss, snk, rl = flow_directions(z, active_links, fn, tn, s, grid=mg)&#10;Exception raised:&#10;    Traceback (most recent call last):&#10;      File &quot;/Applications/Canopy.app/appdata/canopy-1.4.0.1938.macosx-x86_64/Canopy.app/Contents/lib/python2.7/doctest.py&quot;, line 1289, in __run&#10;        compileflags, 1) in test.globs&#10;      File &quot;&lt;doctest landlab.components.flow_routing.flow_direction_DN.flow_directions[17]&gt;&quot;, line 1, in &lt;module&gt;&#10;        r, ss, snk, rl = flow_directions(z, active_links, fn, tn, s, grid=mg)&#10;      File &quot;/Users/gtucker/Dev/Landlab/landlab/landlab/components/flow_routing/flow_direction_DN.py&quot;, line 139, in flow_directions&#10;        for i in xrange(len(fromnode)):&#10;    TypeError: object of type 'NoneType' has no len()&#10;----------------------------------------------------------------------&#10;File &quot;/Users/gtucker/Dev/Landlab/landlab/landlab/components/flow_routing/flow_direction_DN.py&quot;, line 88, in landlab.components.flow_routing.flow_direction_DN.flow_directions&#10;Failed example:&#10;    r&#10;Expected:&#10;    array([ 1,  1,  1,  8,  4,  6,  1,  6,  6,  8, 11, 10,  7, 18, 14, 15, 16,&#10;           12, 18, 19])&#10;Got:&#10;    array([1, 4, 1, 6, 4, 4, 5, 4, 6, 7])&#10;----------------------------------------------------------------------&#10;File &quot;/Users/gtucker/Dev/Landlab/landlab/landlab/components/flow_routing/flow_direction_DN.py&quot;, line 91, in landlab.components.flow_routing.flow_direction_DN.flow_directions&#10;Failed example:&#10;    ss&#10;Expected:&#10;    array([ 1.4,  0. ,  1.2,  3. ,  0. ,  3. ,  1. ,  0.3,  1.1,  3. ,  3. ,&#10;            2. ,  4. ,  1. ,  0. ,  0. ,  0. ,  5. ,  0. ,  0. ])&#10;Got:&#10;    array([ 1.4,  1. ,  1.2,  1. ,  0. ,  1.1,  0.9,  2.3,  1.1,  0.9])&#10;----------------------------------------------------------------------&#10;File &quot;/Users/gtucker/Dev/Landlab/landlab/landlab/components/flow_routing/flow_direction_DN.py&quot;, line 94, in landlab.components.flow_routing.flow_direction_DN.flow_directions&#10;Failed example:&#10;    snk&#10;Expected:&#10;    array([ 1,  4, 14, 15, 16, 18, 19])&#10;Got:&#10;    array([4])&#10;----------------------------------------------------------------------&#10;File &quot;/Users/gtucker/Dev/Landlab/landlab/landlab/components/flow_routing/flow_direction_DN.py&quot;, line 96, in landlab.components.flow_routing.flow_direction_DN.flow_directions&#10;Failed example:&#10;    rl&#10;Expected:&#10;    array([                   3, -9223372036854775808,                    4,&#10;                              2, -9223372036854775808,                    9,&#10;                              0,                    9,                   13,&#10;                             12,                   13,                   13,&#10;                              4,                    8, -9223372036854775808,&#10;           -9223372036854775808, -9223372036854775808,                    7,&#10;           -9223372036854775808, -9223372036854775808])&#10;Got:&#10;    array([         3,          0,          4,         15, 2147483647,&#10;                    1,          6,          2,         13,         11])&#10;&#10;&gt;&gt;  raise self.failureException(self.format_failure(&lt;StringIO.StringIO instance at 0x10e8c23b0&gt;.getvalue()))&#10;    "><![CDATA[  File "/Applications/Canopy.app/appdata/canopy-1.4.0.1938.macosx-x86_64/Canopy.app/Contents/lib/python2.7/unittest/case.py", line 331, in run
    testMethod()
  File "/Applications/Canopy.app/appdata/canopy-1.4.0.1938.macosx-x86_64/Canopy.app/Contents/lib/python2.7/doctest.py", line 2201, in runTest
    raise self.failureException(self.format_failure(new.getvalue()))
Failed doctest test for landlab.components.flow_routing.flow_direction_DN.flow_directions
  File "/Users/gtucker/Dev/Landlab/landlab/landlab/components/flow_routing/flow_direction_DN.py", line 18, in flow_directions

----------------------------------------------------------------------
File "/Users/gtucker/Dev/Landlab/landlab/landlab/components/flow_routing/flow_direction_DN.py", line 72, in landlab.components.flow_routing.flow_direction_DN.flow_directions
Failed example:
    rl[3:8]
Expected:
    array([                  15, -9223372036854775808,                    1,
                              6,                    2])
Got:
    array([        15, 2147483647,          1,          6,          2])
----------------------------------------------------------------------
File "/Users/gtucker/Dev/Landlab/landlab/landlab/components/flow_routing/flow_direction_DN.py", line 87, in landlab.components.flow_routing.flow_direction_DN.flow_directions
Failed example:
    r, ss, snk, rl = flow_directions(z, active_links, fn, tn, s, grid=mg)
Exception raised:
    Traceback (most recent call last):
      File "/Applications/Canopy.app/appdata/canopy-1.4.0.1938.macosx-x86_64/Canopy.app/Contents/lib/python2.7/doctest.py", line 1289, in __run
        compileflags, 1) in test.globs
      File "<doctest landlab.components.flow_routing.flow_direction_DN.flow_directions[17]>", line 1, in <module>
        r, ss, snk, rl = flow_directions(z, active_links, fn, tn, s, grid=mg)
      File "/Users/gtucker/Dev/Landlab/landlab/landlab/components/flow_routing/flow_direction_DN.py", line 139, in flow_directions
        for i in xrange(len(fromnode)):
    TypeError: object of type 'NoneType' has no len()
----------------------------------------------------------------------
File "/Users/gtucker/Dev/Landlab/landlab/landlab/components/flow_routing/flow_direction_DN.py", line 88, in landlab.components.flow_routing.flow_direction_DN.flow_directions
Failed example:
    r
Expected:
    array([ 1,  1,  1,  8,  4,  6,  1,  6,  6,  8, 11, 10,  7, 18, 14, 15, 16,
           12, 18, 19])
Got:
    array([1, 4, 1, 6, 4, 4, 5, 4, 6, 7])
----------------------------------------------------------------------
File "/Users/gtucker/Dev/Landlab/landlab/landlab/components/flow_routing/flow_direction_DN.py", line 91, in landlab.components.flow_routing.flow_direction_DN.flow_directions
Failed example:
    ss
Expected:
    array([ 1.4,  0. ,  1.2,  3. ,  0. ,  3. ,  1. ,  0.3,  1.1,  3. ,  3. ,
            2. ,  4. ,  1. ,  0. ,  0. ,  0. ,  5. ,  0. ,  0. ])
Got:
    array([ 1.4,  1. ,  1.2,  1. ,  0. ,  1.1,  0.9,  2.3,  1.1,  0.9])
----------------------------------------------------------------------
File "/Users/gtucker/Dev/Landlab/landlab/landlab/components/flow_routing/flow_direction_DN.py", line 94, in landlab.components.flow_routing.flow_direction_DN.flow_directions
Failed example:
    snk
Expected:
    array([ 1,  4, 14, 15, 16, 18, 19])
Got:
    array([4])
----------------------------------------------------------------------
File "/Users/gtucker/Dev/Landlab/landlab/landlab/components/flow_routing/flow_direction_DN.py", line 96, in landlab.components.flow_routing.flow_direction_DN.flow_directions
Failed example:
    rl
Expected:
    array([                   3, -9223372036854775808,                    4,
                              2, -9223372036854775808,                    9,
                              0,                    9,                   13,
                             12,                   13,                   13,
                              4,                    8, -9223372036854775808,
           -9223372036854775808, -9223372036854775808,                    7,
           -9223372036854775808, -9223372036854775808])
Got:
    array([         3,          0,          4,         15, 2147483647,
                    1,          6,          2,         13,         11])

>>  raise self.failureException(self.format_failure(<StringIO.StringIO instance at 0x10e8c23b0>.getvalue()))
    ]]></failure></testcase><testcase classname="landlab.components.flow_routing.route_flow_dn.FlowRouter" name="route_flow" time="0.013"></testcase><testcase classname="nose.failure.Failure" name="runTest" time="0.000"><error type="exceptions.ImportError" message="No module named generate_overland_flow_DEM1"><![CDATA[Traceback (most recent call last):
  File "/Applications/Canopy.app/appdata/canopy-1.4.0.1938.macosx-x86_64/Canopy.app/Contents/lib/python2.7/unittest/case.py", line 331, in run
    testMethod()
  File "/Users/gtucker/Library/Enthought/Canopy_64bit/User/lib/python2.7/site-packages/nose/loader.py", line 413, in loadTestsFromName
    addr.filename, addr.module)
  File "/Users/gtucker/Library/Enthought/Canopy_64bit/User/lib/python2.7/site-packages/nose/importer.py", line 47, in importFromPath
    return self.importFromDir(dir_path, fqname)
  File "/Users/gtucker/Library/Enthought/Canopy_64bit/User/lib/python2.7/site-packages/nose/importer.py", line 94, in importFromDir
    mod = load_module(part_fqname, fh, filename, desc)
  File "/Users/gtucker/Dev/Landlab/landlab/landlab/components/overland_flow/overland_flow_driver_chiri.py", line 9, in <module>
    from landlab.components.overland_flow.generate_overland_flow_DEM1 import OverlandFlow
ImportError: No module named generate_overland_flow_DEM1
]]></error></testcase><testcase classname="landlab.components.radiation.radiation_field" name="Radiation" time="0.006"></testcase><testcase classname="landlab.components.single_vegetation.single_vegetation_field" name="Vegetation" time="0.003"></testcase><testcase classname="landlab.components.soil_moisture.soil_moisture_field" name="SoilMoisture" time="0.004"></testcase><testcase classname="landlab.core" name="model_parameter_dictionary" time="0.001"></testcase><testcase classname="landlab.core.model_parameter_dictionary" name="ModelParameterDictionary" time="0.002"></testcase><testcase classname="landlab.core.model_parameter_dictionary.ModelParameterDictionary" name="get" time="0.003"><system-err><![CDATA[/Users/gtucker/Dev/Landlab/landlab/landlab/core/model_parameter_dictionary.py:376: RuntimeWarning: Using bool function to convert value. This probably isn't what you want. Use ptype='bool' instead.
  RuntimeWarning)
]]></system-err></testcase><testcase classname="landlab.core.model_parameter_dictionary.ModelParameterDictionary" name="read_bool" time="0.001"></testcase><testcase classname="landlab.core.model_parameter_dictionary.ModelParameterDictionary" name="read_float" time="0.001"></testcase><testcase classname="landlab.core.model_parameter_dictionary.ModelParameterDictionary" name="read_int" time="0.001"></testcase><testcase classname="landlab.core.model_parameter_dictionary.ModelParameterDictionary" name="read_string" time="0.001"></testcase><testcase classname="landlab.field.grouped" name="ModelDataFields" time="0.004"></testcase><testcase classname="landlab.field.grouped.ModelDataFields" name="add_field" time="0.002"></testcase><testcase classname="landlab.field.grouped.ModelDataFields" name="add_ones" time="0.002"></testcase><testcase classname="landlab.field.grouped.ModelDataFields" name="empty" time="0.001"></testcase><testcase classname="landlab.field.grouped.ModelDataFields" name="field_values" time="0.002"></testcase><testcase classname="landlab.field.grouped.ModelDataFields" name="has_field" time="0.001"></testcase><testcase classname="landlab.field.grouped.ModelDataFields" name="has_group" time="0.001"></testcase><testcase classname="landlab.field.grouped.ModelDataFields" name="keys" time="0.001"></testcase><testcase classname="landlab.field.grouped.ModelDataFields" name="new_field_location" time="0.001"></testcase><testcase classname="landlab.field.grouped.ModelDataFields" name="ones" time="0.002"></testcase><testcase classname="landlab.field.grouped.ModelDataFields" name="size" time="0.001"></testcase><testcase classname="landlab.field.grouped.ModelDataFields" name="zeros" time="0.001"></testcase><testcase classname="landlab.field.scalar_data_fields.ScalarDataFields" name="add_field" time="0.002"></testcase><testcase classname="landlab.field.scalar_data_fields.ScalarDataFields" name="add_ones" time="0.002"></testcase><testcase classname="landlab.field.scalar_data_fields.ScalarDataFields" name="empty" time="0.001"></testcase><testcase classname="landlab.field.scalar_data_fields.ScalarDataFields" name="ones" time="0.003"></testcase><testcase classname="landlab.field.scalar_data_fields.ScalarDataFields" name="zeros" time="0.001"></testcase><testcase classname="test_grouped_fields" name="test_init" time="0.000"></testcase><testcase classname="test_grouped_fields" name="test_new_field_location" time="0.000"></testcase><testcase classname="test_grouped_fields" name="test_add_existing_group" time="0.000"></testcase><testcase classname="test_grouped_fields" name="test_add_multiple_groups" time="0.000"></testcase><testcase classname="test_grouped_fields" name="test_ones" time="0.000"></testcase><testcase classname="test_grouped_fields" name="test_add_ones" time="0.001"></testcase><testcase classname="test_grouped_fields" name="test_add_ones_return_value" time="0.000"></testcase><testcase classname="test_grouped_fields" name="test_getitem" time="0.000"></testcase><testcase classname="test_grouped_fields" name="test_at_attribute" time="0.000"></testcase><testcase classname="test_grouped_fields" name="test_has_group" time="0.000"></testcase><testcase classname="landlab.framework.decorators" name="camel_case" time="0.001"></testcase><testcase classname="landlab.grid" name="base" time="0.004"></testcase><testcase classname="landlab.grid.base.ModelGrid" name="_assign_boundary_nodes_to_grid_sides" time="0.014"></testcase><testcase classname="landlab.grid.base.ModelGrid" name="_make_link_unit_vectors" time="0.008"></testcase><testcase classname="landlab.grid.base.ModelGrid" name="assign_upslope_vals_to_active_links" time="0.003"></testcase><testcase classname="landlab.grid.base.ModelGrid" name="calculate_diff_at_links" time="0.003"></testcase><testcase classname="landlab.grid.base.ModelGrid" name="calculate_flux_divergence_at_active_cells" time="0.005"></testcase><testcase classname="landlab.grid.base.ModelGrid" name="calculate_flux_divergence_at_core_nodes" time="0.006"></testcase><testcase classname="landlab.grid.base.ModelGrid" name="create_active_link_array_zeros" time="0.004"></testcase><testcase classname="landlab.grid.base.ModelGrid" name="create_node_array_zeros" time="0.005"></testcase><testcase classname="landlab.grid.base.ModelGrid" name="get_active_link_connecting_node_pair" time="0.003"></testcase><testcase classname="landlab.grid.base.ModelGrid" name="map_link_vector_to_nodes" time="0.006"></testcase><testcase classname="landlab.grid.base.ModelGrid" name="max_of_link_end_node_values" time="0.003"></testcase><testcase classname="landlab.grid.base.ModelGrid" name="set_inactive_boundaries" time="0.009"></testcase><testcase classname="landlab.grid.base.ModelGrid" name="set_nodata_nodes_to_closed" time="0.004"></testcase><testcase classname="landlab.grid.base.ModelGrid" name="set_nodata_nodes_to_inactive" time="0.004"></testcase><testcase classname="landlab.grid.base" name="_sort_points_into_quadrants" time="0.002"></testcase><testcase classname="landlab.grid.create" name="create_and_initialize_grid" time="0.004"></testcase><testcase classname="landlab.grid.hex" name="HexModelGrid" time="0.004"></testcase><testcase classname="landlab.grid.hex.HexModelGrid" name="__init__" time="0.004"></testcase><testcase classname="landlab.grid.hex.HexModelGrid" name="make_hex_points" time="0.002"></testcase><testcase classname="landlab.grid.radial" name="RadialModelGrid" time="0.004"></testcase><testcase classname="landlab.grid.radial.RadialModelGrid" name="__init__" time="0.010"></testcase><testcase classname="landlab.grid.raster" name="RasterModelGrid" time="0.002"></testcase><testcase classname="landlab.grid.raster.RasterModelGrid" name="_initialize" time="0.012"></testcase><testcase classname="landlab.grid.raster.RasterModelGrid" name="_make_link_unit_vectors" time="0.007"></testcase><testcase classname="landlab.grid.raster.RasterModelGrid" name="_setup_inlink_and_outlink_matrices" time="0.003"></testcase><testcase classname="landlab.grid.raster.RasterModelGrid" name="bottom_edge_node_ids" time="0.004"></testcase><testcase classname="landlab.grid.raster.RasterModelGrid" name="calculate_flux_divergence_at_nodes" time="0.006"></testcase><testcase classname="landlab.grid.raster.RasterModelGrid" name="calculate_gradients_at_active_links" time="0.008"></testcase><testcase classname="landlab.grid.raster.RasterModelGrid" name="calculate_steepest_descent_across_adjacent_cells" time="0.008"></testcase><testcase classname="landlab.grid.raster.RasterModelGrid" name="calculate_steepest_descent_across_cell_corners" time="0.004"></testcase><testcase classname="landlab.grid.raster.RasterModelGrid" name="calculate_steepest_descent_across_cell_faces" time="0.004"></testcase><testcase classname="landlab.grid.raster.RasterModelGrid" name="cell_faces" time="0.004"></testcase><testcase classname="landlab.grid.raster.RasterModelGrid" name="cell_vector_to_raster" time="0.004"></testcase><testcase classname="landlab.grid.raster.RasterModelGrid" name="corner_nodes" time="0.003"></testcase><testcase classname="landlab.grid.raster.RasterModelGrid" name="d8_active_links" time="0.004"></testcase><testcase classname="landlab.grid.raster.RasterModelGrid" name="dx" time="0.003"></testcase><testcase classname="landlab.grid.raster.RasterModelGrid" name="face_links" time="0.003"></testcase><testcase classname="landlab.grid.raster.RasterModelGrid" name="find_nearest_node" time="0.003"></testcase><testcase classname="landlab.grid.raster.RasterModelGrid" name="force_boundaries_from_gradients" time="0.005"></testcase><testcase classname="landlab.grid.raster.RasterModelGrid" name="get_active_link_connecting_node_pair" time="0.003"></testcase><testcase classname="landlab.grid.raster.RasterModelGrid" name="get_diagonal_list" time="0.003"></testcase><testcase classname="landlab.grid.raster.RasterModelGrid" name="get_grid_xdimension" time="0.004"></testcase><testcase classname="landlab.grid.raster.RasterModelGrid" name="get_grid_ydimension" time="0.004"></testcase><testcase classname="landlab.grid.raster.RasterModelGrid" name="get_neighbor_list" time="0.003"></testcase><testcase classname="landlab.grid.raster.RasterModelGrid" name="get_nodes_around_point" time="0.003"></testcase><testcase classname="landlab.grid.raster.RasterModelGrid" name="grid_coords_to_node_id" time="0.003"></testcase><testcase classname="landlab.grid.raster.RasterModelGrid" name="has_boundary_neighbor" time="0.005"></testcase><testcase classname="landlab.grid.raster.RasterModelGrid" name="left_edge_node_ids" time="0.003"></testcase><testcase classname="landlab.grid.raster.RasterModelGrid" name="link_faces" time="0.005"></testcase><testcase classname="landlab.grid.raster.RasterModelGrid" name="link_length" time="0.005"></testcase><testcase classname="landlab.grid.raster.RasterModelGrid" name="node_activelinks" time="0.006"></testcase><testcase classname="landlab.grid.raster.RasterModelGrid" name="node_links" time="0.006"></testcase><testcase classname="landlab.grid.raster.RasterModelGrid" name="node_spacing" time="0.005"></testcase><testcase classname="landlab.grid.raster.RasterModelGrid" name="node_vector_to_raster" time="0.007"></testcase><testcase classname="landlab.grid.raster.RasterModelGrid" name="number_of_core_nodes" time="0.003"></testcase><testcase classname="landlab.grid.raster.RasterModelGrid" name="number_of_interior_nodes" time="0.004"></testcase><testcase classname="landlab.grid.raster.RasterModelGrid" name="number_of_node_columns" time="0.003"></testcase><testcase classname="landlab.grid.raster.RasterModelGrid" name="number_of_node_rows" time="0.003"></testcase><testcase classname="landlab.grid.raster.RasterModelGrid" name="number_of_nodes" time="0.004"></testcase><testcase classname="landlab.grid.raster.RasterModelGrid" name="right_edge_node_ids" time="0.004"></testcase><testcase classname="landlab.grid.raster.RasterModelGrid" name="set_closed_boundaries_at_grid_edges" time="0.008"></testcase><testcase classname="landlab.grid.raster.RasterModelGrid" name="set_fixed_gradient_boundaries" time="0.021"></testcase><testcase classname="landlab.grid.raster.RasterModelGrid" name="set_fixed_value_boundaries_at_grid_edges" time="0.007"></testcase><testcase classname="landlab.grid.raster.RasterModelGrid" name="set_inactive_boundaries" time="0.005"></testcase><testcase classname="landlab.grid.raster.RasterModelGrid" name="set_looped_boundaries" time="0.006"></testcase><testcase classname="landlab.grid.raster.RasterModelGrid" name="shape" time="0.003"></testcase><testcase classname="landlab.grid.raster.RasterModelGrid" name="top_edge_node_ids" time="0.004"></testcase><testcase classname="landlab.grid.raster_funcs" name="calculate_flux_divergence_at_nodes" time="0.007"></testcase><testcase classname="landlab.grid.raster_funcs" name="calculate_gradient_across_cell_corners" time="0.005"></testcase><testcase classname="landlab.grid.raster_funcs" name="calculate_gradient_across_cell_faces" time="0.004"></testcase><testcase classname="landlab.grid.raster_funcs" name="calculate_steepest_descent_across_adjacent_cells" time="0.005"></testcase><testcase classname="landlab.grid.raster_funcs" name="calculate_steepest_descent_across_cell_corners" time="0.003"></testcase><testcase classname="landlab.grid.raster_funcs" name="calculate_steepest_descent_across_cell_faces" time="0.003"></testcase><testcase classname="landlab.grid.raster_funcs" name="find_nearest_node" time="0.003"></testcase><testcase classname="landlab.grid.raster_funcs" name="is_coord_on_grid" time="0.003"></testcase><testcase classname="landlab.grid.raster_funcs" name="node_id_of_cell_corner" time="0.004"></testcase><testcase classname="landlab.grid.raster_funcs" name="node_id_of_cell_neighbor" time="0.006"></testcase><testcase classname="landlab.grid.voronoi" name="VoronoiDelaunayGrid" time="0.009"></testcase><testcase classname="landlab.grid.voronoi.VoronoiDelaunayGrid" name="__init__" time="0.010"></testcase><testcase classname="landlab.grid.voronoi.VoronoiDelaunayGrid" name="create_links_and_faces_from_voronoi_diagram" time="0.005"></testcase><testcase classname="landlab.grid.voronoi.VoronoiDelaunayGrid" name="create_links_from_triangulation" time="0.035"></testcase><testcase classname="landlab.grid.voronoi.VoronoiDelaunayGrid" name="setup_node_cell_connectivity" time="0.005"></testcase><testcase classname="landlab.grid.voronoi" name="calculate_link_lengths" time="0.002"></testcase><testcase classname="landlab.grid.voronoi" name="simple_poly_area" time="0.002"></testcase><testcase classname="test_best_fit_plane" name="test_best_fit_with_bad_args" time="0.001"></testcase><testcase classname="test_best_fit_plane" name="test_best_fit_plane_in_xy" time="0.002"></testcase><testcase classname="test_best_fit_plane" name="test_best_fit_plane_in_xz" time="0.001"></testcase><testcase classname="test_best_fit_plane" name="test_best_fit_plane_in_yz" time="0.000"></testcase><testcase classname="test_find_nearest_node" name="test_with_scalars" time="0.002"></testcase><testcase classname="test_find_nearest_node" name="test_with_iterable" time="0.002"></testcase><testcase classname="test_find_nearest_node" name="test_with_ndarray_with_length_0" time="0.002"></testcase><testcase classname="test_find_nearest_node" name="test_with_ndarray" time="0.002"></testcase><testcase classname="test_find_nearest_node" name="test_non_unit_spacing" time="0.001"></testcase><testcase classname="test_find_nearest_node" name="test_beyond_grid" time="0.002"></testcase><testcase classname="test_flux_divergence_at_nodes" name="test_flux_from_south_to_north" time="0.002"></testcase><testcase classname="test_flux_divergence_at_nodes" name="test_flux_from_east_to_west" time="0.002"></testcase><testcase classname="test_flux_divergence_at_nodes" name="test_out_array" time="0.001"></testcase><testcase classname="test_gradients_across_adjacent_max" name="test_scalar_arg" time="0.002"></testcase><testcase classname="test_gradients_across_adjacent_max" name="test_iterable" time="0.002"></testcase><testcase classname="test_gradients_across_adjacent_max" name="test_scalar_arg_with_links" time="0.002"></testcase><testcase classname="test_gradients_across_adjacent_max" name="test_node_id_in_direction_of_max" time="0.003"><system-out><![CDATA[[-1.41421356 -6.        ]
]]></system-out></testcase><testcase classname="test_gradients_across_adjacent_max" name="test_node_in_direction_of_max" time="0.005"></testcase><testcase classname="test_gradients_across_adjacent_max" name="test_node_in_direction_of_max_with_ties" time="0.004"></testcase><testcase classname="test_gradients_across_cell_corners" name="test_scalar_arg" time="0.002"></testcase><testcase classname="test_gradients_across_cell_corners" name="test_iterable" time="0.002"></testcase><testcase classname="test_gradients_across_cell_corners" name="test_with_no_cell_id_arg" time="0.002"></testcase><testcase classname="test_gradients_across_cell_corners" name="test_with_out_keyword" time="0.002"></testcase><testcase classname="test_gradients_across_cell_corners_max" name="test_scalar_arg" time="0.003"></testcase><testcase classname="test_gradients_across_cell_corners_max" name="test_iterable" time="0.002"></testcase><testcase classname="test_gradients_across_cell_corners_max" name="test_scalar_arg_with_faces_ids" time="0.002"></testcase><testcase classname="test_gradients_across_cell_corners_max" name="test_node_in_direction_of_max" time="0.003"></testcase><testcase classname="test_gradients_across_cell_corners_max" name="test_node_in_direction_of_max_with_ties" time="0.004"></testcase><testcase classname="test_gradients_across_cell_faces" name="test_scalar_arg" time="0.003"></testcase><testcase classname="test_gradients_across_cell_faces" name="test_iterable" time="0.002"></testcase><testcase classname="test_gradients_across_cell_faces" name="test_with_no_cell_id_arg" time="0.002"></testcase><testcase classname="test_gradients_across_cell_faces" name="test_with_out_keyword" time="0.002"></testcase><testcase classname="test_gradients_across_cell_faces_max" name="test_scalar_arg" time="0.002"></testcase><testcase classname="test_gradients_across_cell_faces_max" name="test_iterable" time="0.002"></testcase><testcase classname="test_gradients_across_cell_faces_max" name="test_scalar_arg_with_return_node" time="0.002"></testcase><testcase classname="test_gradients_across_cell_faces_max" name="test_node_in_direction_of_max" time="0.002"></testcase><testcase classname="test_gradients_across_cell_faces_max" name="test_node_in_direction_of_max_with_ties" time="0.002"></testcase><testcase classname="test_gradients_at_active_links" name="test_unit_spacing" time="0.003"></testcase><testcase classname="test_gradients_at_active_links" name="test_non_unit_spacing" time="0.003"></testcase><testcase classname="test_gradients_at_active_links" name="test_out_array" time="0.003"></testcase><testcase classname="test_gradients_at_active_links" name="test_diff_out_array" time="0.004"></testcase><testcase classname="test_gradients_at_links" name="test_unit_spacing" time="0.002"></testcase><testcase classname="test_gradients_at_links" name="test_non_unit_spacing" time="0.002"></testcase><testcase classname="test_gradients_at_links" name="test_out_array" time="0.002"></testcase><testcase classname="test_gradients_at_links" name="test_diff_out_array" time="0.002"></testcase><testcase classname="test_is_on_grid" name="test_with_arrays" time="0.002"></testcase><testcase classname="test_is_on_grid" name="test_just_inside" time="0.002"></testcase><testcase classname="test_is_on_grid" name="test_just_outside" time="0.001"></testcase><testcase classname="test_is_on_grid" name="test_just_x" time="0.001"></testcase><testcase classname="test_node_id_of_adjacent" name="test_corner_with_scalar_cell_id" time="0.002"></testcase><testcase classname="test_node_id_of_adjacent" name="test_face_with_scalar_cell_id" time="0.002"></testcase><testcase classname="test_node_id_of_adjacent" name="test_corner_with_iterable_cell_id" time="0.002"></testcase><testcase classname="test_node_id_of_adjacent" name="test_face_with_iterable_cell_id" time="0.002"></testcase><testcase classname="test_node_id_of_adjacent" name="test_corner_with_no_cell_id" time="0.002"></testcase><testcase classname="test_node_id_of_adjacent" name="test_face_with_no_cell_id" time="0.002"></testcase><testcase classname="test_node_id_of_adjacent" name="test_corner_multiple_corners" time="0.002"></testcase><testcase classname="test_node_id_of_adjacent" name="test_face_multiple_faces" time="0.003"></testcase><testcase classname="test_node_id_of_adjacent" name="test_corner_multiple_corners_and_cells" time="0.002"></testcase><testcase classname="test_node_id_of_adjacent" name="test_face_multiple_corners_and_cells" time="0.002"></testcase><testcase classname="test_node_id_of_adjacent" name="test_corner_type_tuple" time="0.002"></testcase><testcase classname="test_node_id_of_adjacent" name="test_face_type_tuple" time="0.002"></testcase><testcase classname="test_node_id_of_adjacent" name="test_corner_type_list" time="0.002"></testcase><testcase classname="test_node_id_of_adjacent" name="test_face_type_list" time="0.002"></testcase><testcase classname="test_node_id_of_adjacent" name="test_corner_type_scalar" time="0.002"></testcase><testcase classname="test_node_id_of_adjacent" name="test_face_type_scalar" time="0.002"></testcase><testcase classname="test_allocators" name="generate_zeros_tests" time="0.002"></testcase><testcase classname="test_allocators" name="generate_zeros_tests" time="0.002"></testcase><testcase classname="test_allocators" name="generate_zeros_tests" time="0.002"></testcase><testcase classname="test_allocators" name="generate_zeros_tests" time="0.001"></testcase><testcase classname="test_allocators" name="generate_zeros_tests" time="0.001"></testcase><testcase classname="test_allocators" name="generate_zeros_tests" time="0.001"></testcase><testcase classname="test_allocators" name="generate_zeros_tests" time="0.001"></testcase><testcase classname="test_allocators" name="generate_zeros_tests" time="0.001"></testcase><testcase classname="test_allocators" name="generate_zeros_tests" time="0.001"></testcase><testcase classname="test_allocators" name="generate_zeros_tests" time="0.001"></testcase><testcase classname="test_allocators" name="generate_zeros_tests" time="0.001"></testcase><testcase classname="test_allocators" name="generate_zeros_tests" time="0.001"></testcase><testcase classname="test_allocators" name="generate_zeros_tests" time="0.001"></testcase><testcase classname="test_allocators" name="generate_zeros_tests" time="0.001"></testcase><testcase classname="test_allocators" name="generate_zeros_tests" time="0.002"></testcase><testcase classname="test_allocators" name="generate_zeros_tests" time="0.002"></testcase><testcase classname="test_allocators" name="generate_zeros_tests" time="0.001"></testcase><testcase classname="test_allocators" name="generate_zeros_tests" time="0.001"></testcase><testcase classname="test_allocators" name="generate_zeros_tests" time="0.001"></testcase><testcase classname="test_allocators" name="generate_zeros_tests" time="0.001"></testcase><testcase classname="test_allocators" name="generate_zeros_tests" time="0.001"></testcase><testcase classname="test_allocators" name="generate_zeros_tests" time="0.002"></testcase><testcase classname="test_allocators" name="generate_zeros_tests" time="0.002"></testcase><testcase classname="test_allocators" name="generate_zeros_tests" time="0.001"></testcase><testcase classname="test_allocators" name="generate_add_zeros_tests" time="0.001"></testcase><testcase classname="test_allocators" name="generate_add_zeros_tests" time="0.001"></testcase><testcase classname="test_allocators" name="generate_add_zeros_tests" time="0.001"></testcase><testcase classname="test_allocators" name="generate_add_zeros_tests" time="0.001"></testcase><testcase classname="test_allocators" name="generate_add_zeros_tests" time="0.001"></testcase><testcase classname="test_allocators" name="generate_add_zeros_tests" time="0.001"></testcase><testcase classname="test_allocators" name="generate_add_zeros_tests" time="0.001"></testcase><testcase classname="test_allocators" name="generate_add_zeros_tests" time="0.002"></testcase><testcase classname="test_allocators" name="generate_add_zeros_tests" time="0.001"></testcase><testcase classname="test_allocators" name="generate_add_zeros_tests" time="0.002"></testcase><testcase classname="test_allocators" name="generate_add_zeros_tests" time="0.002"></testcase><testcase classname="test_allocators" name="generate_add_zeros_tests" time="0.002"></testcase><testcase classname="test_allocators" name="generate_add_zeros_tests" time="0.002"></testcase><testcase classname="test_allocators" name="generate_add_zeros_tests" time="0.002"></testcase><testcase classname="test_allocators" name="generate_add_zeros_tests" time="0.001"></testcase><testcase classname="test_allocators" name="generate_add_zeros_tests" time="0.001"></testcase><testcase classname="test_allocators" name="generate_add_zeros_tests" time="0.001"></testcase><testcase classname="test_allocators" name="generate_add_zeros_tests" time="0.001"></testcase><testcase classname="test_allocators" name="generate_add_zeros_tests" time="0.001"></testcase><testcase classname="test_allocators" name="generate_add_zeros_tests" time="0.002"></testcase><testcase classname="test_allocators" name="generate_add_zeros_tests" time="0.002"></testcase><testcase classname="test_allocators" name="generate_add_zeros_tests" time="0.002"></testcase><testcase classname="test_allocators" name="generate_add_zeros_tests" time="0.002"></testcase><testcase classname="test_allocators" name="generate_add_zeros_tests" time="0.002"></testcase><testcase classname="test_allocators" name="generate_ones_tests" time="0.002"></testcase><testcase classname="test_allocators" name="generate_ones_tests" time="0.002"></testcase><testcase classname="test_allocators" name="generate_ones_tests" time="0.002"></testcase><testcase classname="test_allocators" name="generate_ones_tests" time="0.001"></testcase><testcase classname="test_allocators" name="generate_ones_tests" time="0.001"></testcase><testcase classname="test_allocators" name="generate_ones_tests" time="0.001"></testcase><testcase classname="test_allocators" name="generate_ones_tests" time="0.001"></testcase><testcase classname="test_allocators" name="generate_ones_tests" time="0.001"></testcase><testcase classname="test_allocators" name="generate_ones_tests" time="0.001"></testcase><testcase classname="test_allocators" name="generate_ones_tests" time="0.001"></testcase><testcase classname="test_allocators" name="generate_ones_tests" time="0.001"></testcase><testcase classname="test_allocators" name="generate_ones_tests" time="0.002"></testcase><testcase classname="test_allocators" name="generate_ones_tests" time="0.001"></testcase><testcase classname="test_allocators" name="generate_ones_tests" time="0.001"></testcase><testcase classname="test_allocators" name="generate_ones_tests" time="0.001"></testcase><testcase classname="test_allocators" name="generate_ones_tests" time="0.002"></testcase><testcase classname="test_allocators" name="generate_ones_tests" time="0.002"></testcase><testcase classname="test_allocators" name="generate_ones_tests" time="0.003"></testcase><testcase classname="test_allocators" name="generate_ones_tests" time="0.002"></testcase><testcase classname="test_allocators" name="generate_ones_tests" time="0.001"></testcase><testcase classname="test_allocators" name="generate_ones_tests" time="0.001"></testcase><testcase classname="test_allocators" name="generate_ones_tests" time="0.001"></testcase><testcase classname="test_allocators" name="generate_ones_tests" time="0.002"></testcase><testcase classname="test_allocators" name="generate_ones_tests" time="0.002"></testcase><testcase classname="test_allocators" name="generate_add_ones_tests" time="0.001"></testcase><testcase classname="test_allocators" name="generate_add_ones_tests" time="0.001"></testcase><testcase classname="test_allocators" name="generate_add_ones_tests" time="0.001"></testcase><testcase classname="test_allocators" name="generate_add_ones_tests" time="0.001"></testcase><testcase classname="test_allocators" name="generate_add_ones_tests" time="0.001"></testcase><testcase classname="test_allocators" name="generate_add_ones_tests" time="0.002"></testcase><testcase classname="test_allocators" name="generate_add_ones_tests" time="0.002"></testcase><testcase classname="test_allocators" name="generate_add_ones_tests" time="0.001"></testcase><testcase classname="test_allocators" name="generate_add_ones_tests" time="0.002"></testcase><testcase classname="test_allocators" name="generate_add_ones_tests" time="0.002"></testcase><testcase classname="test_allocators" name="generate_add_ones_tests" time="0.002"></testcase><testcase classname="test_allocators" name="generate_add_ones_tests" time="0.002"></testcase><testcase classname="test_allocators" name="generate_add_ones_tests" time="0.001"></testcase><testcase classname="test_allocators" name="generate_add_ones_tests" time="0.002"></testcase><testcase classname="test_allocators" name="generate_add_ones_tests" time="0.002"></testcase><testcase classname="test_allocators" name="generate_add_ones_tests" time="0.002"></testcase><testcase classname="test_allocators" name="generate_add_ones_tests" time="0.002"></testcase><testcase classname="test_allocators" name="generate_add_ones_tests" time="0.002"></testcase><testcase classname="test_allocators" name="generate_add_ones_tests" time="0.002"></testcase><testcase classname="test_allocators" name="generate_add_ones_tests" time="0.002"></testcase><testcase classname="test_allocators" name="generate_add_ones_tests" time="0.001"></testcase><testcase classname="test_allocators" name="generate_add_ones_tests" time="0.001"></testcase><testcase classname="test_allocators" name="generate_add_ones_tests" time="0.002"></testcase><testcase classname="test_allocators" name="generate_add_ones_tests" time="0.001"></testcase><testcase classname="test_allocators" name="generate_empty_tests" time="0.001"></testcase><testcase classname="test_allocators" name="generate_empty_tests" time="0.001"></testcase><testcase classname="test_allocators" name="generate_empty_tests" time="0.001"></testcase><testcase classname="test_allocators" name="generate_empty_tests" time="0.001"></testcase><testcase classname="test_allocators" name="generate_empty_tests" time="0.001"></testcase><testcase classname="test_allocators" name="generate_empty_tests" time="0.001"></testcase><testcase classname="test_allocators" name="generate_empty_tests" time="0.002"></testcase><testcase classname="test_allocators" name="generate_empty_tests" time="0.001"></testcase><testcase classname="test_allocators" name="generate_empty_tests" time="0.001"></testcase><testcase classname="test_allocators" name="generate_empty_tests" time="0.001"></testcase><testcase classname="test_allocators" name="generate_empty_tests" time="0.001"></testcase><testcase classname="test_allocators" name="generate_empty_tests" time="0.001"></testcase><testcase classname="test_allocators" name="generate_empty_tests" time="0.002"></testcase><testcase classname="test_allocators" name="generate_empty_tests" time="0.001"></testcase><testcase classname="test_allocators" name="generate_empty_tests" time="0.001"></testcase><testcase classname="test_allocators" name="generate_empty_tests" time="0.002"></testcase><testcase classname="test_allocators" name="generate_empty_tests" time="0.001"></testcase><testcase classname="test_allocators" name="generate_empty_tests" time="0.001"></testcase><testcase classname="test_allocators" name="generate_empty_tests" time="0.001"></testcase><testcase classname="test_allocators" name="generate_empty_tests" time="0.001"></testcase><testcase classname="test_allocators" name="generate_empty_tests" time="0.001"></testcase><testcase classname="test_allocators" name="generate_empty_tests" time="0.001"></testcase><testcase classname="test_allocators" name="generate_empty_tests" time="0.001"></testcase><testcase classname="test_allocators" name="generate_empty_tests" time="0.001"></testcase><testcase classname="test_allocators" name="generate_add_empty_tests" time="0.001"></testcase><testcase classname="test_allocators" name="generate_add_empty_tests" time="0.002"></testcase><testcase classname="test_allocators" name="generate_add_empty_tests" time="0.001"></testcase><testcase classname="test_allocators" name="generate_add_empty_tests" time="0.001"></testcase><testcase classname="test_allocators" name="generate_add_empty_tests" time="0.001"></testcase><testcase classname="test_allocators" name="generate_add_empty_tests" time="0.002"></testcase><testcase classname="test_allocators" name="generate_add_empty_tests" time="0.001"></testcase><testcase classname="test_allocators" name="generate_add_empty_tests" time="0.001"></testcase><testcase classname="test_allocators" name="generate_add_empty_tests" time="0.002"></testcase><testcase classname="test_allocators" name="generate_add_empty_tests" time="0.001"></testcase><testcase classname="test_allocators" name="generate_add_empty_tests" time="0.001"></testcase><testcase classname="test_allocators" name="generate_add_empty_tests" time="0.001"></testcase><testcase classname="test_allocators" name="generate_add_empty_tests" time="0.003"></testcase><testcase classname="test_allocators" name="generate_add_empty_tests" time="0.002"></testcase><testcase classname="test_allocators" name="generate_add_empty_tests" time="0.002"></testcase><testcase classname="test_allocators" name="generate_add_empty_tests" time="0.001"></testcase><testcase classname="test_allocators" name="generate_add_empty_tests" time="0.001"></testcase><testcase classname="test_allocators" name="generate_add_empty_tests" time="0.001"></testcase><testcase classname="test_allocators" name="generate_add_empty_tests" time="0.001"></testcase><testcase classname="test_allocators" name="generate_add_empty_tests" time="0.001"></testcase><testcase classname="test_allocators" name="generate_add_empty_tests" time="0.002"></testcase><testcase classname="test_allocators" name="generate_add_empty_tests" time="0.002"></testcase><testcase classname="test_allocators" name="generate_add_empty_tests" time="0.002"></testcase><testcase classname="test_allocators" name="generate_add_empty_tests" time="0.002"></testcase><testcase classname="test_axis_methods" name="test_default_names" time="0.002"></testcase><testcase classname="test_axis_methods" name="test_name_setter_too_few_names" time="0.002"></testcase><testcase classname="test_axis_methods" name="test_name_setter_too_many_names" time="0.001"></testcase><testcase classname="test_axis_methods" name="test_default_units" time="0.001"></testcase><testcase classname="test_axis_methods" name="test_name_keyword" time="0.002"></testcase><testcase classname="test_axis_methods" name="test_name_setter" time="0.002"></testcase><testcase classname="test_axis_methods" name="test_name_setter_too_few_units" time="0.001"></testcase><testcase classname="test_axis_methods" name="test_name_setter_too_many_units" time="0.001"></testcase><testcase classname="test_cell_areas" name="test_unit_grid_all_cells" time="0.001"></testcase><testcase classname="test_cell_areas" name="test_unit_grid_one_cell" time="0.001"></testcase><testcase classname="test_cell_areas" name="test_unit_grid_last_cell" time="0.001"></testcase><testcase classname="test_cell_areas" name="test_out_of_range" time="0.001"></testcase><testcase classname="test_cell_areas" name="test_is_immutable" time="0.001"></testcase><testcase classname="test_cell_areas" name="test_all_cells_with_spacing" time="0.002"></testcase><testcase classname="test_faces.TestRasterModelGridCellFaces" name="test_id_as_array" time="0.002"></testcase><testcase classname="test_faces.TestRasterModelGridCellFaces" name="test_id_as_int" time="0.001"></testcase><testcase classname="test_faces.TestRasterModelGridConnectingFaces" name="test_diagonally_adjacent_cells" time="0.001"></testcase><testcase classname="test_faces.TestRasterModelGridConnectingFaces" name="test_horizontally_adjacent_cells" time="0.002"></testcase><testcase classname="test_faces.TestRasterModelGridConnectingFaces" name="test_non_adjacent_cells" time="0.001"></testcase><testcase classname="test_faces.TestRasterModelGridConnectingFaces" name="test_vertically_adjacent_cells" time="0.002"></testcase><testcase classname="test_has_boundary_neighbor" name="test_boundary_node" time="0.002"></testcase><testcase classname="test_has_boundary_neighbor" name="test_last_index" time="0.002"></testcase><testcase classname="test_has_boundary_neighbor" name="test_id_as_list" time="0.002"></testcase><testcase classname="test_has_boundary_neighbor" name="test_id_as_array" time="0.002"></testcase><testcase classname="test_has_boundary_neighbor" name="test_id_as_array_with_one_interior" time="0.003"></testcase><testcase classname="test_inactive_nodes" name="test_inactive_boundaries" time="0.006"></testcase><testcase classname="test_inactive_nodes" name="test_inactive_interiors" time="0.003"></testcase><testcase classname="test_init.TestRasterModelGrid" name="test_active_inlink_matrix" time="0.002"></testcase><testcase classname="test_init.TestRasterModelGrid" name="test_active_link_fromnode" time="0.001"></testcase><testcase classname="test_init.TestRasterModelGrid" name="test_active_link_num_inlink" time="0.002"></testcase><testcase classname="test_init.TestRasterModelGrid" name="test_active_link_num_outlink" time="0.001"></testcase><testcase classname="test_init.TestRasterModelGrid" name="test_active_link_tonode" time="0.001"></testcase><testcase classname="test_init.TestRasterModelGrid" name="test_active_links" time="0.001"></testcase><testcase classname="test_init.TestRasterModelGrid" name="test_active_node_links_scalar_boundary" time="0.002"></testcase><testcase classname="test_init.TestRasterModelGrid" name="test_active_node_links_scalar_interior" time="0.002"></testcase><testcase classname="test_init.TestRasterModelGrid" name="test_active_node_links_with_no_args" time="0.002"></testcase><testcase classname="test_init.TestRasterModelGrid" name="test_active_node_with_array_arg" time="0.002"></testcase><testcase classname="test_init.TestRasterModelGrid" name="test_active_outlink_matrix" time="0.001"></testcase><testcase classname="test_init.TestRasterModelGrid" name="test_create_diagonal_list" time="0.002"></testcase><testcase classname="test_init.TestRasterModelGrid" name="test_create_grid" time="0.003"></testcase><testcase classname="test_init.TestRasterModelGrid" name="test_diagonal_list" time="0.003"></testcase><testcase classname="test_init.TestRasterModelGrid" name="test_diagonal_list_boundary" time="0.002"></testcase><testcase classname="test_init.TestRasterModelGrid" name="test_get_interior_cells" time="0.001"></testcase><testcase classname="test_init.TestRasterModelGrid" name="test_grid_coords_to_node_id_outside_of_grid" time="0.001"></testcase><testcase classname="test_init.TestRasterModelGrid" name="test_grid_coords_to_node_id_with_array" time="0.002"></testcase><testcase classname="test_init.TestRasterModelGrid" name="test_grid_coords_to_node_id_with_scalar" time="0.001"></testcase><testcase classname="test_init.TestRasterModelGrid" name="test_grid_dimensions" time="0.001"></testcase><testcase classname="test_init.TestRasterModelGrid" name="test_grid_dimensions_non_unit_spacing" time="0.003"></testcase><testcase classname="test_init.TestRasterModelGrid" name="test_is_interior" time="0.001"></testcase><testcase classname="test_init.TestRasterModelGrid" name="test_link_face" time="0.001"></testcase><testcase classname="test_init.TestRasterModelGrid" name="test_link_fromnode" time="0.001"></testcase><testcase classname="test_init.TestRasterModelGrid" name="test_link_num_inlink" time="0.001"></testcase><testcase classname="test_init.TestRasterModelGrid" name="test_link_num_outlink" time="0.001"></testcase><testcase classname="test_init.TestRasterModelGrid" name="test_link_tonode" time="0.002"></testcase><testcase classname="test_init.TestRasterModelGrid" name="test_neighbor_list_with_array_arg" time="0.002"></testcase><testcase classname="test_init.TestRasterModelGrid" name="test_neighbor_list_with_no_args" time="0.004"><system-out><![CDATA[[[2147483647 2147483647 2147483647 2147483647]
 [2147483647          6 2147483647 2147483647]
 [2147483647          7 2147483647 2147483647]
 [2147483647          8 2147483647 2147483647]
 [2147483647 2147483647 2147483647 2147483647]
 [         6 2147483647 2147483647 2147483647]
 [         7         11          5          1]
 [         8         12          6          2]
 [         9         13          7          3]
 [2147483647 2147483647          8 2147483647]
 [        11 2147483647 2147483647 2147483647]
 [        12         16         10          6]
 [        13         17         11          7]
 [        14         18         12          8]
 [2147483647 2147483647         13 2147483647]
 [2147483647 2147483647 2147483647 2147483647]
 [2147483647 2147483647 2147483647         11]
 [2147483647 2147483647 2147483647         12]
 [2147483647 2147483647 2147483647         13]
 [2147483647 2147483647 2147483647 2147483647]]
[[2147483647 2147483647 2147483647 2147483647]
 [2147483647          6 2147483647 2147483647]
 [2147483647          7 2147483647 2147483647]
 [2147483647          8 2147483647 2147483647]
 [2147483647 2147483647 2147483647 2147483647]
 [         6 2147483647 2147483647 2147483647]
 [         7         11          5          1]
 [         8         12          6          2]
 [         9         13          7          3]
 [2147483647 2147483647          8 2147483647]
 [        11 2147483647 2147483647 2147483647]
 [        12         16         10          6]
 [        13         17         11          7]
 [        14         18         12          8]
 [2147483647 2147483647         13 2147483647]
 [2147483647 2147483647 2147483647 2147483647]
 [2147483647 2147483647 2147483647         11]
 [2147483647 2147483647 2147483647         12]
 [2147483647 2147483647 2147483647         13]
 [2147483647 2147483647 2147483647 2147483647]]
]]></system-out></testcase><testcase classname="test_init.TestRasterModelGrid" name="test_neighbor_list_with_scalar_arg" time="0.002"></testcase><testcase classname="test_init.TestRasterModelGrid" name="test_node_axis_coordinates" time="0.001"></testcase><testcase classname="test_init.TestRasterModelGrid" name="test_node_inlink_matrix" time="0.003"></testcase><testcase classname="test_init.TestRasterModelGrid" name="test_node_links_with_array_arg" time="0.003"></testcase><testcase classname="test_init.TestRasterModelGrid" name="test_node_links_with_no_args" time="0.003"></testcase><testcase classname="test_init.TestRasterModelGrid" name="test_node_links_with_scalar_boundary" time="0.002"></testcase><testcase classname="test_init.TestRasterModelGrid" name="test_node_links_with_scalar_interior" time="0.002"></testcase><testcase classname="test_init.TestRasterModelGrid" name="test_node_outlink_matrix" time="0.002"></testcase><testcase classname="test_init.TestRasterModelGrid" name="test_node_x" time="0.003"></testcase><testcase classname="test_init.TestRasterModelGrid" name="test_node_x_is_immutable" time="0.002"></testcase><testcase classname="test_init.TestRasterModelGrid" name="test_node_y" time="0.002"></testcase><testcase classname="test_init.TestRasterModelGrid" name="test_node_y_is_immutable" time="0.001"></testcase><testcase classname="test_init.TestRasterModelGrid" name="test_nodes_around_point" time="0.002"></testcase><testcase classname="test_is_boundary" name="test_id_as_int" time="0.002"></testcase><testcase classname="test_is_boundary" name="test_id_as_small_list" time="0.002"></testcase><testcase classname="test_is_boundary" name="test_id_as_array" time="0.001"></testcase><testcase classname="test_is_boundary" name="test_id_as_list" time="0.001"></testcase><testcase classname="test_is_boundary" name="test_boundary_flag" time="0.002"></testcase><testcase classname="test_link_length" name="test_unit_spacing" time="0.001"></testcase><testcase classname="test_link_length" name="test_non_unit_spacing" time="0.001"></testcase><testcase classname="test_link_length" name="test_link_length" time="0.001"></testcase><testcase classname="test_link_length" name="test_active_link_length" time="0.001"></testcase><testcase classname="test_mappers.TestLinkEndsToLink" name="test_max" time="0.002"></testcase><testcase classname="test_mappers.TestLinkEndsToLink" name="test_min" time="0.002"></testcase><testcase classname="test_mappers.TestNodeToLinkMappers" name="test_cell" time="0.001"></testcase><testcase classname="test_mappers.TestNodeToLinkMappers" name="test_from_node" time="0.002"></testcase><testcase classname="test_mappers.TestNodeToLinkMappers" name="test_mean_node" time="0.002"></testcase><testcase classname="test_mappers.TestNodeToLinkMappers" name="test_to_node" time="0.001"></testcase><testcase classname="test_neighbor_nodes" name="test_all_neighbors" time="0.002"></testcase><testcase classname="test_neighbor_nodes" name="test_neighbor_list_with_scalar_arg" time="0.002"></testcase><testcase classname="test_neighbor_nodes" name="test_neighbor_list_with_array_arg" time="0.002"></testcase><testcase classname="test_neighbor_nodes" name="test_neighbor_list_boundary" time="0.003"></testcase><testcase classname="test_nodes_around_point" name="test_lower_left_cell" time="0.001"></testcase><testcase classname="test_nodes_around_point" name="test_upper_left_cell" time="0.002"></testcase><testcase classname="test_nodes_around_point" name="test_upper_right_cell" time="0.001"></testcase><testcase classname="test_nodes_around_point" name="test_lower_right_cell" time="0.001"></testcase><testcase classname="test_nodes_around_point" name="test_on_left_edge" time="0.001"></testcase><testcase classname="test_nodes_around_point" name="test_on_bottom_edge" time="0.001"></testcase><testcase classname="test_nodes_around_point" name="test_on_right_edge" time="0.001"></testcase><testcase classname="test_nodes_around_point" name="test_on_top_edge" time="0.001"></testcase><testcase classname="test_nodes_around_point" name="test_on_lower_left_corner" time="0.001"></testcase><testcase classname="test_nodes_around_point" name="test_on_upper_right_corner" time="0.001"></testcase><testcase classname="test_nodes_around_point" name="test_on_upper_left_corner" time="0.002"></testcase><testcase classname="test_nodes_around_point" name="test_on_lower_right_corner" time="0.001"></testcase><testcase classname="test_read_netcdf" name="test_read_netcdf3_64bit" time="0.066"></testcase><testcase classname="test_read_netcdf" name="test_read_netcdf4" time="0.056"></testcase><testcase classname="test_write_netcdf" name="test_netcdf_write" time="0.005"></testcase><testcase classname="test_write_netcdf" name="test_2d_unit_spacing" time="0.000"></testcase><testcase classname="test_write_netcdf" name="test_2d_non_unit_spacing" time="0.000"></testcase><testcase classname="test_write_netcdf" name="test_2d_uneven_spacing_axis_0" time="0.000"></testcase><testcase classname="test_write_netcdf" name="test_2d_uneven_spacing_axis_1" time="0.000"></testcase><testcase classname="test_write_netcdf" name="test_2d_switched_coords" time="0.000"></testcase><testcase classname="test_write_netcdf" name="test_1d__unit_spacing" time="0.000"></testcase><testcase classname="test_write_netcdf" name="test_1d_non_unit_spacing" time="0.000"></testcase><testcase classname="test_write_netcdf" name="test_1d_uneven_spacing" time="0.000"></testcase><testcase classname="landlab.io.tests.test_read_esri_ascii" name="test_hugo_read_file_name" time="0.007"></testcase><testcase classname="landlab.io.tests.test_read_esri_ascii" name="test_hugo_read_file_like" time="0.006"></testcase><testcase classname="landlab.io.tests.test_read_esri_ascii" name="test_hugo_reshape" time="0.006"></testcase><testcase classname="landlab.io.tests.test_read_esri_ascii" name="test_4x3_read_file_name" time="0.002"></testcase><testcase classname="landlab.io.tests.test_read_esri_ascii" name="test_4x3_read_file_like" time="0.002"></testcase><testcase classname="landlab.io.tests.test_read_esri_ascii" name="test_4x3_shape_mismatch" time="0.003"></testcase><testcase classname="landlab.io.tests.test_read_esri_ascii" name="test_4x3_size_mismatch" time="0.000"></testcase><testcase classname="landlab.io.tests.test_read_esri_ascii" name="test_header_missing_required_key" time="0.000"></testcase><testcase classname="landlab.io.tests.test_read_esri_ascii" name="test_header_missing_mutex_key" time="0.000"></testcase><testcase classname="landlab.io.tests.test_read_esri_ascii" name="test_header_mutex_key" time="0.000"></testcase><testcase classname="landlab.io.tests.test_read_esri_ascii" name="test_header_missing_optional" time="0.000"></testcase><testcase classname="landlab.io.tests.test_read_esri_ascii" name="test_header_case_insensitive" time="0.000"></testcase><testcase classname="landlab.io.tests.test_read_esri_ascii" name="test_header_wrong_type" time="0.000"></testcase><testcase classname="test_imshow_grid" name="test_imshow_grid" time="1.923"></testcase><testcase classname="landlab.utils.count_repeats" name="count_repeated_values" time="0.004"></testcase><testcase classname="landlab.utils.structured_grid" name="active_cell_index_at_nodes" time="0.002"></testcase><testcase classname="landlab.utils.structured_grid" name="active_cell_node" time="0.001"></testcase><testcase classname="landlab.utils.structured_grid" name="active_east_links" time="0.001"></testcase><testcase classname="landlab.utils.structured_grid" name="active_face_count" time="0.001"></testcase><testcase classname="landlab.utils.structured_grid" name="active_link_count" time="0.001"></testcase><testcase classname="landlab.utils.structured_grid" name="active_links" time="0.002"></testcase><testcase classname="landlab.utils.structured_grid" name="active_north_links" time="0.002"></testcase><testcase classname="landlab.utils.structured_grid" name="active_south_links" time="0.002"></testcase><testcase classname="landlab.utils.structured_grid" name="active_west_links" time="0.002"></testcase><testcase classname="landlab.utils.structured_grid" name="bottom_top_iter" time="0.002"></testcase><testcase classname="landlab.utils.structured_grid" name="boundary_cell_count" time="0.001"></testcase><testcase classname="landlab.utils.structured_grid" name="boundary_iter" time="0.002"></testcase><testcase classname="landlab.utils.structured_grid" name="boundary_nodes" time="0.001"></testcase><testcase classname="landlab.utils.structured_grid" name="cell_count" time="0.001"></testcase><testcase classname="landlab.utils.structured_grid" name="cell_index_at_nodes" time="0.002"></testcase><testcase classname="landlab.utils.structured_grid" name="cell_index_with_halo" time="0.002"></testcase><testcase classname="landlab.utils.structured_grid" name="core_cell_index_at_nodes" time="0.002"></testcase><testcase classname="landlab.utils.structured_grid" name="core_cell_node" time="0.002"></testcase><testcase classname="landlab.utils.structured_grid" name="diagonal_cell_array" time="0.003"></testcase><testcase classname="landlab.utils.structured_grid" name="diagonal_node_array" time="0.002"></testcase><testcase classname="landlab.utils.structured_grid" name="east_links" time="0.003"></testcase><testcase classname="landlab.utils.structured_grid" name="face_count" time="0.001"></testcase><testcase classname="landlab.utils.structured_grid" name="face_index_at_links" time="0.002"></testcase><testcase classname="landlab.utils.structured_grid" name="interior_iter" time="0.002"></testcase><testcase classname="landlab.utils.structured_grid" name="interior_node_count" time="0.001"></testcase><testcase classname="landlab.utils.structured_grid" name="left_right_iter" time="0.003"></testcase><testcase classname="landlab.utils.structured_grid" name="link_count" time="0.001"></testcase><testcase classname="landlab.utils.structured_grid" name="neighbor_cell_array" time="0.003"></testcase><testcase classname="landlab.utils.structured_grid" name="neighbor_node_array" time="0.002"></testcase><testcase classname="landlab.utils.structured_grid" name="node_coords" time="0.002"></testcase><testcase classname="landlab.utils.structured_grid" name="node_count" time="0.001"></testcase><testcase classname="landlab.utils.structured_grid" name="node_index_at_cells" time="0.002"></testcase><testcase classname="landlab.utils.structured_grid" name="node_index_with_halo" time="0.002"></testcase><testcase classname="landlab.utils.structured_grid" name="nodes_around_points" time="0.002"></testcase><testcase classname="landlab.utils.structured_grid" name="nodes_around_points_on_unit_grid" time="0.003"></testcase><testcase classname="landlab.utils.structured_grid" name="north_links" time="0.002"></testcase><testcase classname="landlab.utils.structured_grid" name="perimeter_iter" time="0.001"></testcase><testcase classname="landlab.utils.structured_grid" name="perimeter_node_count" time="0.001"></testcase><testcase classname="landlab.utils.structured_grid" name="perimeter_nodes" time="0.002"></testcase><testcase classname="landlab.utils.structured_grid" name="reshape_array" time="0.003"></testcase><testcase classname="landlab.utils.structured_grid" name="south_links" time="0.002"></testcase><testcase classname="landlab.utils.structured_grid" name="west_links" time="0.001"></testcase><testcase classname="test_count_repeats" name="test_empty_array" time="0.000"></testcase><testcase classname="test_count_repeats" name="test_no_dups" time="0.001"></testcase><testcase classname="test_count_repeats" name="test_with_dups" time="0.001"></testcase><testcase classname="test_neighbor_node_array" name="test_default" time="0.001"></testcase><testcase classname="test_neighbor_node_array" name="test_set_out_of_bounds" time="0.001"></testcase><testcase classname="test_neighbor_node_array" name="test_boundary_node_mask_no_actives" time="0.000"></testcase><testcase classname="test_neighbor_node_array" name="test_boundary_node_mask_3x3" time="0.000"></testcase><testcase classname="test_neighbor_node_array" name="test_boundary_node_mask" time="0.000"></testcase><testcase classname="test_neighbor_node_array" name="test_open_boundary" time="0.001"></testcase><testcase classname="test_neighbor_node_array" name="test_open_boundary_4x5" time="0.001"></testcase><testcase classname="test_neighbor_node_array" name="test_open_boundary_on_perimeter" time="0.001"></testcase><testcase classname="test_neighbor_node_array" name="test_closed_boundary_on_perimeter" time="0.001"></testcase><testcase classname="test_neighbor_node_array" name="test_closed_boundaries_in_middle" time="0.001"></testcase><testcase classname="test_structured_grid" name="test_node_x_2d" time="0.000"></testcase><testcase classname="test_structured_grid" name="test_node_x_2d_with_spacing" time="0.000"></testcase><testcase classname="test_structured_grid" name="test_node_x_2d_with_origin" time="0.000"></testcase><testcase classname="test_structured_grid" name="test_node_y_2d" time="0.001"></testcase><testcase classname="test_structured_grid" name="test_node_y_2d_with_spacing" time="0.001"></testcase><testcase classname="test_structured_grid" name="test_node_y_2d_with_origin" time="0.000"></testcase><testcase classname="test_structured_grid" name="test_round_off_error" time="0.001"></testcase><testcase classname="test_structured_grid" name="test_2d_shape_2_by_3" time="0.000"></testcase><testcase classname="test_structured_grid" name="test_2d_shape_3_by_3" time="0.000"></testcase><testcase classname="test_structured_grid" name="test_shape_4_by_5" time="0.000"></testcase><testcase classname="test_structured_grid" name="test_2d_3_by_2_from_links" time="0.000"></testcase><testcase classname="test_structured_grid" name="test_2d_3_by_2_to_links" time="0.000"></testcase><testcase classname="test_structured_grid" name="test_one_active_cell" time="0.000"></testcase><testcase classname="test_structured_grid" name="test_no_active_cells" time="0.000"></testcase><testcase classname="test_structured_grid" name="test_one_cell" time="0.000"></testcase><testcase classname="test_structured_grid" name="test_no_cells" time="0.000"></testcase><testcase classname="test_structured_grid" name="test_no_interiors" time="0.000"></testcase><testcase classname="test_structured_grid" name="test_with_node_status" time="0.000"></testcase><testcase classname="test_structured_grid" name="test_with_link_nodes" time="0.000"></testcase><testcase classname="test_structured_grid" name="test_vertical_active_link_count" time="0.000"></testcase><testcase classname="test_structured_grid" name="test_horizontal_active_link_count" time="0.000"></testcase><testcase classname="test_structured_grid" name="test_horizontal_active_link_ids" time="0.001"></testcase><testcase classname="test_structured_grid" name="test_vertical_active_link_ids" time="0.001"></testcase><testcase classname="test_structured_grid" name="test_west_links" time="0.000"></testcase><testcase classname="test_structured_grid" name="test_east_links" time="0.001"></testcase><testcase classname="test_structured_grid" name="test_north_links" time="0.001"></testcase><testcase classname="test_structured_grid" name="test_south_links" time="0.001"></testcase><testcase classname="test_structured_grid" name="test_inlinks" time="0.000"></testcase><testcase classname="test_structured_grid" name="test_outlinks" time="0.000"></testcase><testcase classname="test_structured_grid" name="test_outlinks_4x5" time="0.000"></testcase><testcase classname="test_structured_grid" name="test_inlinks_4x5" time="0.000"></testcase><testcase classname="test_structured_grid" name="test_face_count" time="0.000"></testcase><testcase classname="test_structured_grid" name="test_active_face_count" time="0.000"></testcase><testcase classname="test_structured_grid" name="test_active_faces" time="0.000"></testcase><testcase classname="test_structured_grid" name="test_4_by_5" time="0.000"></testcase><testcase classname="test_structured_grid" name="test_with_active_links" time="0.000"></testcase><testcase classname="test_structured_grid" name="test_copy" time="0.000"></testcase><testcase classname="test_structured_grid" name="test_flip" time="0.000"></testcase><testcase classname="test_structured_grid" name="test_flip_copy" time="0.000"></testcase><testcase classname="test_structured_grid" name="test_non_contiguous" time="0.001"></testcase><testcase classname="test_structured_grid" name="test_boundary_node_mask_no_actives" time="0.000"></testcase><testcase classname="test_structured_grid" name="test_boundary_node_mask" time="0.001"></testcase><testcase classname="test_structured_grid" name="test_default" time="0.000"></testcase><testcase classname="test_structured_grid" name="test_set_out_of_bounds" time="0.000"></testcase><testcase classname="test_structured_grid" name="test_no_inactive" time="0.000"></testcase><testcase classname="test_structured_grid" name="test_inactive" time="0.001"></testcase><testcase classname="test_structured_grid" name="test_out_link_ids_at_nodes" time="0.000"></testcase><testcase classname="test_structured_grid" name="test_in_link_ids_at_nodes" time="0.000"></testcase><testcase classname="landlab.tests.test_collections" name="test_empty_palette" time="0.000"></testcase><testcase classname="landlab.tests.test_collections" name="test_1_component_create" time="0.000"></testcase><testcase classname="landlab.tests.test_collections" name="test_1_component_dict_interface" time="0.000"></testcase><testcase classname="landlab.tests.test_collections" name="test_1_component_list" time="0.000"></testcase><testcase classname="landlab.tests.test_collections" name="test_1_component_uses" time="0.000"></testcase><testcase classname="landlab.tests.test_collections" name="test_1_component_provides" time="0.000"></testcase><testcase classname="landlab.tests.test_collections" name="test_1_component_find_providers" time="0.000"></testcase><testcase classname="landlab.tests.test_collections" name="test_1_component_find_users" time="0.000"></testcase><testcase classname="landlab.tests.test_collections" name="test_1_component_find_connections" time="0.000"></testcase><testcase classname="landlab.tests.test_collections" name="test_2_components_create" time="0.001"></testcase><testcase classname="landlab.tests.test_collections" name="test_2_components_dict_interface" time="0.001"></testcase><testcase classname="landlab.tests.test_collections" name="test_2_components_list" time="0.001"></testcase><testcase classname="landlab.tests.test_collections" name="test_2_components_uses" time="0.001"></testcase><testcase classname="landlab.tests.test_collections" name="test_2_components_provides" time="0.002"></testcase><testcase classname="landlab.tests.test_collections" name="test_2_components_find_providers" time="0.001"></testcase><testcase classname="landlab.tests.test_collections" name="test_2_components_find_users" time="0.001"></testcase><testcase classname="landlab.tests.test_collections" name="test_2_components_find_connections" time="0.001"></testcase><testcase classname="landlab.tests.test_collections" name="test_arena_instantiate" time="0.001"></testcase><testcase classname="landlab.tests.test_collections" name="test_arena_connect" time="0.001"></testcase><testcase classname="landlab.tests.test_collections" name="test_arena_walk" time="0.001"></testcase><testcase classname="landlab.tests.test_param_dict" name="test_read_file" time="0.000"></testcase><testcase classname="landlab.tests.test_param_dict" name="test_read_file_name" time="0.021"></testcase><testcase classname="landlab.tests.test_param_dict" name="test_read_file_like_twice" time="0.001"></testcase><testcase classname="landlab.tests.test_param_dict" name="test_read_int" time="0.000"></testcase><testcase classname="landlab.tests.test_param_dict" name="test_get_int" time="0.000"></testcase><testcase classname="landlab.tests.test_param_dict" name="test_set_default" time="0.000"></testcase><testcase classname="landlab.tests.test_param_dict" name="test_read_float" time="0.000"></testcase><testcase classname="landlab.tests.test_param_dict" name="test_read_string" time="0.000"></testcase><testcase classname="landlab.tests.test_param_dict" name="test_read_bool" time="0.000"></testcase><testcase classname="landlab.tests.test_param_dict" name="test_dict_keys" time="0.000"></testcase><testcase classname="landlab.tests.test_param_dict" name="test_dict_index" time="0.000"></testcase><testcase classname="landlab.tests.test_param_dict" name="test_auto_type" time="0.000"></testcase><testcase classname="landlab.tests.test_param_dict" name="test_int_vector" time="0.000"></testcase><testcase classname="landlab.tests.test_param_dict" name="test_float_vector" time="0.000"></testcase></testsuite>